2026-05-17 15:54:29,813 [INFO] Initializing RERA Pipeline
2026-05-17 15:54:30,019 [INFO] GPU SCALING
2026-05-17 15:54:30,019 [INFO] Hardware Detected : NVIDIA GeForce RTX 4050 Laptop GPU
2026-05-17 15:54:30,020 [INFO] Parallel Capacity : 1,414,771 simultaneous surrogate evaluations
2026-05-17 15:54:31,188 [INFO] Executing Active Boundary Search (200 Iterations)
2026-05-17 15:54:31,641 [INFO] Iteration 1/200 | AV Control Saturation: 4.4%
2026-05-17 15:54:38,061 [INFO] Iteration 23/200 | AV Control Saturation: 100.0%
2026-05-17 15:54:38,372 [INFO] Iteration 24/200 | AV Control Saturation: 100.0%
2026-05-17 15:54:38,686 [INFO] Iteration 25/200 | AV Control Saturation: 100.0%
2026-05-17 15:54:38,970 [INFO] Iteration 26/200 | AV Control Saturation: 100.0%
2026-05-17 15:54:39,259 [INFO] Iteration 27/200 | AV Control Saturation: 100.0%
2026-05-17 15:54:39,541 [INFO] Iteration 28/200 | AV Control Saturation: 100.0%
2026-05-17 15:54:39,832 [INFO] Iteration 29/200 | AV Control Saturation: 100.0%
2026-05-17 15:54:40,110 [INFO] Iteration 30/200 | AV Control Saturation: 100.0%
2026-05-17 15:54:40,396 [INFO] Iteration 31/200 | AV Control Saturation: 100.0%
2026-05-17 15:54:40,680 [INFO] Iteration 32/200 | AV Control Saturation: 100.0%
2026-05-17 15:54:40,970 [INFO] Iteration 33/200 | AV Control Saturation: 100.0%
2026-05-17 15:54:41,262 [INFO] Iteration 34/200 | AV Control Saturation: 100.0%
2026-05-17 15:54:41,548 [INFO] Iteration 35/200 | AV Control Saturation: 100.0%
2026-05-17 15:54:41,838 [INFO] Iteration 36/200 | AV Control Saturation: 100.0%
2026-05-17 15:54:42,116 [INFO] Iteration 37/200 | AV Control Saturation: 100.0%
2026-05-17 15:54:42,397 [INFO] Iteration 38/200 | AV Control Saturation: 100.0%
2026-05-17 15:54:42,681 [INFO] Iteration 39/200 | AV Control Saturation: 100.0%
2026-05-17 15:54:42,970 [INFO] Iteration 40/200 | AV Control Saturation: 100.0%
2026-05-17 15:54:43,254 [INFO] Iteration 41/200 | AV Control Saturation: 100.0%
2026-05-17 15:54:43,531 [INFO] Iteration 42/200 | AV Control Saturation: 100.0%
2026-05-17 15:54:43,810 [INFO] Iteration 43/200 | AV Control Saturation: 100.0%
2026-05-17 15:54:44,084 [INFO] Iteration 44/200 | AV Control Saturation: 100.0%
2026-05-17 15:54:44,360 [INFO] Iteration 45/200 | AV Control Saturation: 100.0%
2026-05-17 15:54:44,641 [INFO] Iteration 46/200 | AV Control Saturation: 100.0%
2026-05-17 15:54:44,917 [INFO] Iteration 47/200 | AV Control Saturation: 100.0%
2026-05-17 15:54:45,200 [INFO] Iteration 48/200 | AV Control Saturation: 100.0%
2026-05-17 15:54:45,478 [INFO] Iteration 49/200 | AV Control Saturation: 100.0%
2026-05-17 15:54:45,765 [INFO] Iteration 50/200 | AV Control Saturation: 90.7%
2026-05-17 15:54:46,062 [INFO] Iteration 51/200 | AV Control Saturation: 6.3%
2026-05-17 15:54:46,360 [INFO] Iteration 52/200 | AV Control Saturation: 28.2%
2026-05-17 15:54:46,662 [INFO] Iteration 53/200 | AV Control Saturation: 14.7%
2026-05-17 15:54:47,523 [INFO] Iteration 56/200 | AV Control Saturation: 68.1%
2026-05-17 15:54:47,822 [INFO] Iteration 57/200 | AV Control Saturation: 89.6%
2026-05-17 15:54:48,714 [INFO] Iteration 60/200 | AV Control Saturation: 11.5%
2026-05-17 15:54:49,595 [INFO] Iteration 63/200 | AV Control Saturation: 17.4%
2026-05-17 15:54:49,886 [INFO] Iteration 64/200 | AV Control Saturation: 27.9%
2026-05-17 15:54:51,073 [INFO] Iteration 68/200 | AV Control Saturation: 13.7%
2026-05-17 15:54:51,363 [INFO] Iteration 69/200 | AV Control Saturation: 36.8%
2026-05-17 15:54:51,680 [INFO] Iteration 70/200 | AV Control Saturation: 37.1%
2026-05-17 15:54:51,976 [INFO] Iteration 71/200 | AV Control Saturation: 47.3%
2026-05-17 15:54:52,270 [INFO] Iteration 72/200 | AV Control Saturation: 21.6%
2026-05-17 15:54:52,556 [INFO] Iteration 73/200 | AV Control Saturation: 14.2%
2026-05-17 15:54:52,842 [INFO] Iteration 74/200 | AV Control Saturation: 39.6%
2026-05-17 15:54:53,129 [INFO] Iteration 75/200 | AV Control Saturation: 35.4%
2026-05-17 15:54:53,426 [INFO] Iteration 76/200 | AV Control Saturation: 20.7%
2026-05-17 15:54:53,729 [INFO] Iteration 77/200 | AV Control Saturation: 23.9%
2026-05-17 15:54:54,028 [INFO] Iteration 78/200 | AV Control Saturation: 21.6%
2026-05-17 15:54:54,311 [INFO] Iteration 79/200 | AV Control Saturation: 27.1%
2026-05-17 15:54:54,610 [INFO] Iteration 80/200 | AV Control Saturation: 85.4%
2026-05-17 15:54:54,918 [INFO] Iteration 81/200 | AV Control Saturation: 34.3%
2026-05-17 15:54:55,211 [INFO] Iteration 82/200 | AV Control Saturation: 19.0%
2026-05-17 15:54:55,501 [INFO] Iteration 83/200 | AV Control Saturation: 24.1%
2026-05-17 15:54:55,803 [INFO] Iteration 84/200 | AV Control Saturation: 34.7%
2026-05-17 15:54:56,117 [INFO] Iteration 85/200 | AV Control Saturation: 97.0%
2026-05-17 15:54:56,410 [INFO] Iteration 86/200 | AV Control Saturation: 29.4%
2026-05-17 15:54:56,703 [INFO] Iteration 87/200 | AV Control Saturation: 74.3%
2026-05-17 15:54:57,005 [INFO] Iteration 88/200 | AV Control Saturation: 100.0%
2026-05-17 15:54:57,307 [INFO] Iteration 89/200 | AV Control Saturation: 29.8%
2026-05-17 15:54:57,597 [INFO] Iteration 90/200 | AV Control Saturation: 33.6%
2026-05-17 15:54:57,876 [INFO] Iteration 91/200 | AV Control Saturation: 34.5%
2026-05-17 15:54:58,185 [INFO] Iteration 92/200 | AV Control Saturation: 41.8%
2026-05-17 15:54:58,485 [INFO] Iteration 93/200 | AV Control Saturation: 100.0%
2026-05-17 15:54:58,799 [INFO] Iteration 94/200 | AV Control Saturation: 57.7%
2026-05-17 15:54:59,099 [INFO] Iteration 95/200 | AV Control Saturation: 16.8%
2026-05-17 15:54:59,415 [INFO] Iteration 96/200 | AV Control Saturation: 35.4%
2026-05-17 15:54:59,702 [INFO] Iteration 97/200 | AV Control Saturation: 51.7%
2026-05-17 15:54:59,998 [INFO] Iteration 98/200 | AV Control Saturation: 29.9%
2026-05-17 15:55:00,301 [INFO] Iteration 99/200 | AV Control Saturation: 13.4%
2026-05-17 15:55:00,606 [INFO] Iteration 100/200 | AV Control Saturation: 48.6%
2026-05-17 15:55:00,900 [INFO] Iteration 101/200 | AV Control Saturation: 9.2%
2026-05-17 15:55:01,203 [INFO] Iteration 102/200 | AV Control Saturation: 86.4%
2026-05-17 15:55:01,496 [INFO] Iteration 103/200 | AV Control Saturation: 35.1%
2026-05-17 15:55:01,789 [INFO] Iteration 104/200 | AV Control Saturation: 97.5%
2026-05-17 15:55:02,085 [INFO] Iteration 105/200 | AV Control Saturation: 46.1%
2026-05-17 15:55:02,381 [INFO] Iteration 106/200 | AV Control Saturation: 14.6%
2026-05-17 15:55:02,682 [INFO] Iteration 107/200 | AV Control Saturation: 37.0%
2026-05-17 15:55:02,983 [INFO] Iteration 108/200 | AV Control Saturation: 29.0%
2026-05-17 15:55:03,271 [INFO] Iteration 109/200 | AV Control Saturation: 69.5%
2026-05-17 15:55:03,562 [INFO] Iteration 110/200 | AV Control Saturation: 41.9%
2026-05-17 15:55:03,868 [INFO] Iteration 111/200 | AV Control Saturation: 21.6%
2026-05-17 15:55:04,178 [INFO] Iteration 112/200 | AV Control Saturation: 14.4%
2026-05-17 15:55:04,474 [INFO] Iteration 113/200 | AV Control Saturation: 11.5%
2026-05-17 15:55:04,778 [INFO] Iteration 114/200 | AV Control Saturation: 45.0%
2026-05-17 15:55:05,072 [INFO] Iteration 115/200 | AV Control Saturation: 23.4%
2026-05-17 15:55:05,364 [INFO] Iteration 116/200 | AV Control Saturation: 14.1%
2026-05-17 15:55:05,652 [INFO] Iteration 117/200 | AV Control Saturation: 25.5%
2026-05-17 15:55:05,961 [INFO] Iteration 118/200 | AV Control Saturation: 32.0%
2026-05-17 15:55:06,266 [INFO] Iteration 119/200 | AV Control Saturation: 15.6%
2026-05-17 15:55:06,554 [INFO] Iteration 120/200 | AV Control Saturation: 51.9%
2026-05-17 15:55:06,866 [INFO] Iteration 121/200 | AV Control Saturation: 29.8%
2026-05-17 15:55:07,165 [INFO] Iteration 122/200 | AV Control Saturation: 12.7%
2026-05-17 15:55:07,459 [INFO] Iteration 123/200 | AV Control Saturation: 60.9%
2026-05-17 15:55:07,752 [INFO] Iteration 124/200 | AV Control Saturation: 44.9%
2026-05-17 15:55:08,067 [INFO] Iteration 125/200 | AV Control Saturation: 51.1%
2026-05-17 15:55:08,380 [INFO] Iteration 126/200 | AV Control Saturation: 100.0%
2026-05-17 15:55:08,676 [INFO] Iteration 127/200 | AV Control Saturation: 41.0%
2026-05-17 15:55:08,984 [INFO] Iteration 128/200 | AV Control Saturation: 75.0%
2026-05-17 15:55:09,287 [INFO] Iteration 129/200 | AV Control Saturation: 44.4%
2026-05-17 15:55:09,598 [INFO] Iteration 130/200 | AV Control Saturation: 17.9%
2026-05-17 15:55:09,897 [INFO] Iteration 131/200 | AV Control Saturation: 46.1%
2026-05-17 15:55:10,202 [INFO] Iteration 132/200 | AV Control Saturation: 31.9%
2026-05-17 15:55:10,489 [INFO] Iteration 133/200 | AV Control Saturation: 32.5%
2026-05-17 15:55:10,784 [INFO] Iteration 134/200 | AV Control Saturation: 19.9%
2026-05-17 15:55:11,091 [INFO] Iteration 135/200 | AV Control Saturation: 16.6%
2026-05-17 15:55:11,403 [INFO] Iteration 136/200 | AV Control Saturation: 14.5%
2026-05-17 15:55:11,715 [INFO] Iteration 137/200 | AV Control Saturation: 22.9%
2026-05-17 15:55:12,010 [INFO] Iteration 138/200 | AV Control Saturation: 10.8%
2026-05-17 15:55:12,291 [INFO] Iteration 139/200 | AV Control Saturation: 24.1%
2026-05-17 15:55:12,584 [INFO] Iteration 140/200 | AV Control Saturation: 40.2%
2026-05-17 15:55:12,888 [INFO] Iteration 141/200 | AV Control Saturation: 25.8%
2026-05-17 15:55:13,203 [INFO] Iteration 142/200 | AV Control Saturation: 44.9%
2026-05-17 15:55:13,493 [INFO] Iteration 143/200 | AV Control Saturation: 41.3%
2026-05-17 15:55:13,782 [INFO] Iteration 144/200 | AV Control Saturation: 39.4%
2026-05-17 15:55:14,085 [INFO] Iteration 145/200 | AV Control Saturation: 49.3%
2026-05-17 15:55:14,386 [INFO] Iteration 146/200 | AV Control Saturation: 53.6%
2026-05-17 15:55:14,675 [INFO] Iteration 147/200 | AV Control Saturation: 60.1%
2026-05-17 15:55:14,971 [INFO] Iteration 148/200 | AV Control Saturation: 54.4%
2026-05-17 15:55:15,276 [INFO] Iteration 149/200 | AV Control Saturation: 31.1%
2026-05-17 15:55:15,567 [INFO] Iteration 150/200 | AV Control Saturation: 35.4%
2026-05-17 15:55:15,857 [INFO] Iteration 151/200 | AV Control Saturation: 31.3%
2026-05-17 15:55:16,151 [INFO] Iteration 152/200 | AV Control Saturation: 40.3%
2026-05-17 15:55:16,434 [INFO] Iteration 153/200 | AV Control Saturation: 34.8%
2026-05-17 15:55:16,731 [INFO] Iteration 154/200 | AV Control Saturation: 36.7%
2026-05-17 15:55:17,024 [INFO] Iteration 155/200 | AV Control Saturation: 30.6%
2026-05-17 15:55:17,318 [INFO] Iteration 156/200 | AV Control Saturation: 26.8%
2026-05-17 15:55:17,618 [INFO] Iteration 157/200 | AV Control Saturation: 25.9%
2026-05-17 15:55:17,910 [INFO] Iteration 158/200 | AV Control Saturation: 26.9%
2026-05-17 15:55:18,201 [INFO] Iteration 159/200 | AV Control Saturation: 26.1%
2026-05-17 15:55:18,513 [INFO] Iteration 160/200 | AV Control Saturation: 30.5%
2026-05-17 15:55:18,817 [INFO] Iteration 161/200 | AV Control Saturation: 29.3%
2026-05-17 15:55:19,098 [INFO] Iteration 162/200 | AV Control Saturation: 25.4%
2026-05-17 15:55:19,420 [INFO] Iteration 163/200 | AV Control Saturation: 29.3%
2026-05-17 15:55:19,712 [INFO] Iteration 164/200 | AV Control Saturation: 34.0%
2026-05-17 15:55:20,014 [INFO] Iteration 165/200 | AV Control Saturation: 29.4%
2026-05-17 15:55:20,326 [INFO] Iteration 166/200 | AV Control Saturation: 36.8%
2026-05-17 15:55:20,616 [INFO] Iteration 167/200 | AV Control Saturation: 36.8%
2026-05-17 15:55:20,898 [INFO] Iteration 168/200 | AV Control Saturation: 42.3%
2026-05-17 15:55:21,204 [INFO] Iteration 169/200 | AV Control Saturation: 39.5%
2026-05-17 15:55:21,514 [INFO] Iteration 170/200 | AV Control Saturation: 39.4%
2026-05-17 15:55:21,838 [INFO] Iteration 171/200 | AV Control Saturation: 39.6%
2026-05-17 15:55:22,135 [INFO] Iteration 172/200 | AV Control Saturation: 45.1%
2026-05-17 15:55:22,430 [INFO] Iteration 173/200 | AV Control Saturation: 41.3%
2026-05-17 15:55:22,728 [INFO] Iteration 174/200 | AV Control Saturation: 36.4%
2026-05-17 15:55:23,024 [INFO] Iteration 175/200 | AV Control Saturation: 38.5%
2026-05-17 15:55:23,323 [INFO] Iteration 176/200 | AV Control Saturation: 36.9%
2026-05-17 15:55:23,627 [INFO] Iteration 177/200 | AV Control Saturation: 34.5%
2026-05-17 15:55:23,921 [INFO] Iteration 178/200 | AV Control Saturation: 36.0%
2026-05-17 15:55:24,215 [INFO] Iteration 179/200 | AV Control Saturation: 30.8%
2026-05-17 15:55:24,518 [INFO] Iteration 180/200 | AV Control Saturation: 34.5%
2026-05-17 15:55:24,808 [INFO] Iteration 181/200 | AV Control Saturation: 33.1%
2026-05-17 15:55:25,104 [INFO] Iteration 182/200 | AV Control Saturation: 30.7%
2026-05-17 15:55:25,405 [INFO] Iteration 183/200 | AV Control Saturation: 33.9%
2026-05-17 15:55:25,703 [INFO] Iteration 184/200 | AV Control Saturation: 31.8%
2026-05-17 15:55:26,003 [INFO] Iteration 185/200 | AV Control Saturation: 29.6%
2026-05-17 15:55:26,288 [INFO] Iteration 186/200 | AV Control Saturation: 33.9%
2026-05-17 15:55:26,576 [INFO] Iteration 187/200 | AV Control Saturation: 32.1%
2026-05-17 15:55:26,864 [INFO] Iteration 188/200 | AV Control Saturation: 35.5%
2026-05-17 15:55:27,178 [INFO] Iteration 189/200 | AV Control Saturation: 34.2%
2026-05-17 15:55:27,476 [INFO] Iteration 190/200 | AV Control Saturation: 36.7%
2026-05-17 15:55:27,801 [INFO] Iteration 191/200 | AV Control Saturation: 34.7%
2026-05-17 15:55:28,092 [INFO] Iteration 192/200 | AV Control Saturation: 37.6%
2026-05-17 15:55:28,422 [INFO] Iteration 193/200 | AV Control Saturation: 35.9%
2026-05-17 15:55:28,714 [INFO] Iteration 194/200 | AV Control Saturation: 34.6%
2026-05-17 15:55:29,013 [INFO] Iteration 195/200 | AV Control Saturation: 36.0%
2026-05-17 15:55:29,290 [INFO] Iteration 196/200 | AV Control Saturation: 34.4%
2026-05-17 15:55:29,592 [INFO] Iteration 197/200 | AV Control Saturation: 36.4%
2026-05-17 15:55:29,896 [INFO] Iteration 198/200 | AV Control Saturation: 39.3%
2026-05-17 15:55:30,194 [INFO] Iteration 199/200 | AV Control Saturation: 38.2%
2026-05-17 15:55:30,487 [INFO] Iteration 200/200 | AV Control Saturation: 37.1%
2026-05-17 15:55:30,498 [INFO] Compiling Dashboard
2026-05-17 15:55:30,681 [INFO] Generating ISO 21448 SOTIF Compliance Dossier
2026-05-17 15:55:30,686 [INFO] SOTIF Dossier saved to: results/run_001/sotif_compliance_dossier.json
2026-05-17 15:55:30,831 [INFO]  Full Pipeline Complete. Data saved to: ./results/run_001
