2026-04-11 18:21:18,047 [INFO] Initializing RERA Pipeline
2026-04-11 18:21:18,181 [INFO] GPU SCALING
2026-04-11 18:21:18,181 [INFO] Hardware Detected : NVIDIA GeForce RTX 4050 Laptop GPU
2026-04-11 18:21:18,182 [INFO] Parallel Capacity : 1,414,771 simultaneous surrogate evaluations
2026-04-11 18:21:18,920 [INFO] Executing Active Boundary Search (200 Iterations)
2026-04-11 18:21:19,323 [INFO] Iteration 1/200 | AV Control Saturation: 2.5%
2026-04-11 18:21:26,532 [INFO] Iteration 26/200 | AV Control Saturation: 3.6%
2026-04-11 18:21:30,735 [INFO] Iteration 41/200 | AV Control Saturation: 100.0%
2026-04-11 18:21:31,028 [INFO] Iteration 42/200 | AV Control Saturation: 100.0%
2026-04-11 18:21:31,299 [INFO] Iteration 43/200 | AV Control Saturation: 100.0%
2026-04-11 18:21:31,587 [INFO] Iteration 44/200 | AV Control Saturation: 100.0%
2026-04-11 18:21:31,880 [INFO] Iteration 45/200 | AV Control Saturation: 100.0%
2026-04-11 18:21:32,156 [INFO] Iteration 46/200 | AV Control Saturation: 100.0%
2026-04-11 18:21:32,439 [INFO] Iteration 47/200 | AV Control Saturation: 100.0%
2026-04-11 18:21:32,719 [INFO] Iteration 48/200 | AV Control Saturation: 100.0%
2026-04-11 18:21:33,001 [INFO] Iteration 49/200 | AV Control Saturation: 100.0%
2026-04-11 18:21:33,280 [INFO] Iteration 50/200 | AV Control Saturation: 100.0%
2026-04-11 18:21:33,550 [INFO] Iteration 51/200 | AV Control Saturation: 100.0%
2026-04-11 18:21:33,832 [INFO] Iteration 52/200 | AV Control Saturation: 100.0%
2026-04-11 18:21:34,112 [INFO] Iteration 53/200 | AV Control Saturation: 100.0%
2026-04-11 18:21:34,394 [INFO] Iteration 54/200 | AV Control Saturation: 100.0%
2026-04-11 18:21:34,677 [INFO] Iteration 55/200 | AV Control Saturation: 100.0%
2026-04-11 18:21:34,957 [INFO] Iteration 56/200 | AV Control Saturation: 100.0%
2026-04-11 18:21:35,236 [INFO] Iteration 57/200 | AV Control Saturation: 100.0%
2026-04-11 18:21:35,513 [INFO] Iteration 58/200 | AV Control Saturation: 100.0%
2026-04-11 18:21:35,797 [INFO] Iteration 59/200 | AV Control Saturation: 100.0%
2026-04-11 18:21:36,081 [INFO] Iteration 60/200 | AV Control Saturation: 100.0%
2026-04-11 18:21:36,351 [INFO] Iteration 61/200 | AV Control Saturation: 100.0%
2026-04-11 18:21:36,630 [INFO] Iteration 62/200 | AV Control Saturation: 100.0%
2026-04-11 18:21:36,913 [INFO] Iteration 63/200 | AV Control Saturation: 100.0%
2026-04-11 18:21:37,190 [INFO] Iteration 64/200 | AV Control Saturation: 100.0%
2026-04-11 18:21:37,480 [INFO] Iteration 65/200 | AV Control Saturation: 100.0%
2026-04-11 18:21:37,750 [INFO] Iteration 66/200 | AV Control Saturation: 100.0%
2026-04-11 18:21:38,038 [INFO] Iteration 67/200 | AV Control Saturation: 100.0%
2026-04-11 18:21:38,317 [INFO] Iteration 68/200 | AV Control Saturation: 100.0%
2026-04-11 18:21:38,594 [INFO] Iteration 69/200 | AV Control Saturation: 95.8%
2026-04-11 18:21:38,895 [INFO] Iteration 70/200 | AV Control Saturation: 47.1%
2026-04-11 18:21:39,193 [INFO] Iteration 71/200 | AV Control Saturation: 22.6%
2026-04-11 18:21:39,489 [INFO] Iteration 72/200 | AV Control Saturation: 43.3%
2026-04-11 18:21:40,057 [INFO] Iteration 74/200 | AV Control Saturation: 11.8%
2026-04-11 18:21:40,336 [INFO] Iteration 75/200 | AV Control Saturation: 38.7%
2026-04-11 18:21:40,630 [INFO] Iteration 76/200 | AV Control Saturation: 10.9%
2026-04-11 18:21:41,224 [INFO] Iteration 78/200 | AV Control Saturation: 14.2%
2026-04-11 18:21:41,509 [INFO] Iteration 79/200 | AV Control Saturation: 15.4%
2026-04-11 18:21:41,800 [INFO] Iteration 80/200 | AV Control Saturation: 25.5%
2026-04-11 18:21:42,366 [INFO] Iteration 82/200 | AV Control Saturation: 22.8%
2026-04-11 18:21:42,653 [INFO] Iteration 83/200 | AV Control Saturation: 19.4%
2026-04-11 18:21:42,936 [INFO] Iteration 84/200 | AV Control Saturation: 86.2%
2026-04-11 18:21:43,236 [INFO] Iteration 85/200 | AV Control Saturation: 16.4%
2026-04-11 18:21:43,541 [INFO] Iteration 86/200 | AV Control Saturation: 62.9%
2026-04-11 18:21:43,836 [INFO] Iteration 87/200 | AV Control Saturation: 23.4%
2026-04-11 18:21:45,013 [INFO] Iteration 91/200 | AV Control Saturation: 12.4%
2026-04-11 18:21:45,294 [INFO] Iteration 92/200 | AV Control Saturation: 78.2%
2026-04-11 18:21:45,573 [INFO] Iteration 93/200 | AV Control Saturation: 22.5%
2026-04-11 18:21:45,858 [INFO] Iteration 94/200 | AV Control Saturation: 16.0%
2026-04-11 18:21:46,137 [INFO] Iteration 95/200 | AV Control Saturation: 20.6%
2026-04-11 18:21:46,426 [INFO] Iteration 96/200 | AV Control Saturation: 32.5%
2026-04-11 18:21:46,717 [INFO] Iteration 97/200 | AV Control Saturation: 82.5%
2026-04-11 18:21:47,016 [INFO] Iteration 98/200 | AV Control Saturation: 32.5%
2026-04-11 18:21:47,312 [INFO] Iteration 99/200 | AV Control Saturation: 21.7%
2026-04-11 18:21:47,609 [INFO] Iteration 100/200 | AV Control Saturation: 33.3%
2026-04-11 18:21:47,900 [INFO] Iteration 101/200 | AV Control Saturation: 29.1%
2026-04-11 18:21:48,192 [INFO] Iteration 102/200 | AV Control Saturation: 28.6%
2026-04-11 18:21:48,491 [INFO] Iteration 103/200 | AV Control Saturation: 28.7%
2026-04-11 18:21:48,784 [INFO] Iteration 104/200 | AV Control Saturation: 54.0%
2026-04-11 18:21:49,073 [INFO] Iteration 105/200 | AV Control Saturation: 53.7%
2026-04-11 18:21:49,356 [INFO] Iteration 106/200 | AV Control Saturation: 92.0%
2026-04-11 18:21:49,641 [INFO] Iteration 107/200 | AV Control Saturation: 68.9%
2026-04-11 18:21:49,927 [INFO] Iteration 108/200 | AV Control Saturation: 35.5%
2026-04-11 18:21:50,223 [INFO] Iteration 109/200 | AV Control Saturation: 29.7%
2026-04-11 18:21:50,516 [INFO] Iteration 110/200 | AV Control Saturation: 65.7%
2026-04-11 18:21:50,824 [INFO] Iteration 111/200 | AV Control Saturation: 30.7%
2026-04-11 18:21:51,118 [INFO] Iteration 112/200 | AV Control Saturation: 27.0%
2026-04-11 18:21:51,414 [INFO] Iteration 113/200 | AV Control Saturation: 23.9%
2026-04-11 18:21:51,714 [INFO] Iteration 114/200 | AV Control Saturation: 84.5%
2026-04-11 18:21:52,012 [INFO] Iteration 115/200 | AV Control Saturation: 15.5%
2026-04-11 18:21:52,291 [INFO] Iteration 116/200 | AV Control Saturation: 34.6%
2026-04-11 18:21:52,566 [INFO] Iteration 117/200 | AV Control Saturation: 34.8%
2026-04-11 18:21:52,857 [INFO] Iteration 118/200 | AV Control Saturation: 45.8%
2026-04-11 18:21:53,143 [INFO] Iteration 119/200 | AV Control Saturation: 43.5%
2026-04-11 18:21:53,433 [INFO] Iteration 120/200 | AV Control Saturation: 25.6%
2026-04-11 18:21:53,720 [INFO] Iteration 121/200 | AV Control Saturation: 66.6%
2026-04-11 18:21:54,018 [INFO] Iteration 122/200 | AV Control Saturation: 100.0%
2026-04-11 18:21:54,317 [INFO] Iteration 123/200 | AV Control Saturation: 63.9%
2026-04-11 18:21:54,606 [INFO] Iteration 124/200 | AV Control Saturation: 71.2%
2026-04-11 18:21:55,200 [INFO] Iteration 126/200 | AV Control Saturation: 31.7%
2026-04-11 18:21:55,503 [INFO] Iteration 127/200 | AV Control Saturation: 13.6%
2026-04-11 18:21:55,798 [INFO] Iteration 128/200 | AV Control Saturation: 17.6%
2026-04-11 18:21:56,376 [INFO] Iteration 130/200 | AV Control Saturation: 17.4%
2026-04-11 18:21:56,664 [INFO] Iteration 131/200 | AV Control Saturation: 23.9%
2026-04-11 18:21:56,960 [INFO] Iteration 132/200 | AV Control Saturation: 33.9%
2026-04-11 18:21:57,262 [INFO] Iteration 133/200 | AV Control Saturation: 58.7%
2026-04-11 18:21:57,552 [INFO] Iteration 134/200 | AV Control Saturation: 12.3%
2026-04-11 18:21:57,841 [INFO] Iteration 135/200 | AV Control Saturation: 19.1%
2026-04-11 18:21:58,141 [INFO] Iteration 136/200 | AV Control Saturation: 18.3%
2026-04-11 18:21:58,440 [INFO] Iteration 137/200 | AV Control Saturation: 21.0%
2026-04-11 18:21:58,729 [INFO] Iteration 138/200 | AV Control Saturation: 27.3%
2026-04-11 18:21:59,013 [INFO] Iteration 139/200 | AV Control Saturation: 55.8%
2026-04-11 18:21:59,300 [INFO] Iteration 140/200 | AV Control Saturation: 49.1%
2026-04-11 18:21:59,590 [INFO] Iteration 141/200 | AV Control Saturation: 37.1%
2026-04-11 18:21:59,893 [INFO] Iteration 142/200 | AV Control Saturation: 14.3%
2026-04-11 18:22:00,191 [INFO] Iteration 143/200 | AV Control Saturation: 43.5%
2026-04-11 18:22:00,492 [INFO] Iteration 144/200 | AV Control Saturation: 42.5%
2026-04-11 18:22:00,781 [INFO] Iteration 145/200 | AV Control Saturation: 29.0%
2026-04-11 18:22:01,080 [INFO] Iteration 146/200 | AV Control Saturation: 18.5%
2026-04-11 18:22:01,376 [INFO] Iteration 147/200 | AV Control Saturation: 29.6%
2026-04-11 18:22:01,671 [INFO] Iteration 148/200 | AV Control Saturation: 32.2%
2026-04-11 18:22:01,956 [INFO] Iteration 149/200 | AV Control Saturation: 45.5%
2026-04-11 18:22:02,252 [INFO] Iteration 150/200 | AV Control Saturation: 34.7%
2026-04-11 18:22:02,554 [INFO] Iteration 151/200 | AV Control Saturation: 46.6%
2026-04-11 18:22:02,854 [INFO] Iteration 152/200 | AV Control Saturation: 37.9%
2026-04-11 18:22:03,152 [INFO] Iteration 153/200 | AV Control Saturation: 25.4%
2026-04-11 18:22:03,445 [INFO] Iteration 154/200 | AV Control Saturation: 47.9%
2026-04-11 18:22:03,748 [INFO] Iteration 155/200 | AV Control Saturation: 39.2%
2026-04-11 18:22:04,043 [INFO] Iteration 156/200 | AV Control Saturation: 61.4%
2026-04-11 18:22:04,329 [INFO] Iteration 157/200 | AV Control Saturation: 34.9%
2026-04-11 18:22:04,622 [INFO] Iteration 158/200 | AV Control Saturation: 35.4%
2026-04-11 18:22:04,914 [INFO] Iteration 159/200 | AV Control Saturation: 58.0%
2026-04-11 18:22:05,202 [INFO] Iteration 160/200 | AV Control Saturation: 48.3%
2026-04-11 18:22:05,503 [INFO] Iteration 161/200 | AV Control Saturation: 42.4%
2026-04-11 18:22:05,803 [INFO] Iteration 162/200 | AV Control Saturation: 33.6%
2026-04-11 18:22:06,095 [INFO] Iteration 163/200 | AV Control Saturation: 46.4%
2026-04-11 18:22:06,375 [INFO] Iteration 164/200 | AV Control Saturation: 33.1%
2026-04-11 18:22:06,666 [INFO] Iteration 165/200 | AV Control Saturation: 27.1%
2026-04-11 18:22:06,958 [INFO] Iteration 166/200 | AV Control Saturation: 27.6%
2026-04-11 18:22:07,250 [INFO] Iteration 167/200 | AV Control Saturation: 36.6%
2026-04-11 18:22:07,543 [INFO] Iteration 168/200 | AV Control Saturation: 30.5%
2026-04-11 18:22:07,826 [INFO] Iteration 169/200 | AV Control Saturation: 28.3%
2026-04-11 18:22:08,114 [INFO] Iteration 170/200 | AV Control Saturation: 29.8%
2026-04-11 18:22:08,406 [INFO] Iteration 171/200 | AV Control Saturation: 22.9%
2026-04-11 18:22:08,700 [INFO] Iteration 172/200 | AV Control Saturation: 33.2%
2026-04-11 18:22:09,004 [INFO] Iteration 173/200 | AV Control Saturation: 32.8%
2026-04-11 18:22:09,301 [INFO] Iteration 174/200 | AV Control Saturation: 31.6%
2026-04-11 18:22:09,597 [INFO] Iteration 175/200 | AV Control Saturation: 28.4%
2026-04-11 18:22:09,897 [INFO] Iteration 176/200 | AV Control Saturation: 33.6%
2026-04-11 18:22:10,202 [INFO] Iteration 177/200 | AV Control Saturation: 25.2%
2026-04-11 18:22:10,494 [INFO] Iteration 178/200 | AV Control Saturation: 31.9%
2026-04-11 18:22:10,784 [INFO] Iteration 179/200 | AV Control Saturation: 39.7%
2026-04-11 18:22:11,072 [INFO] Iteration 180/200 | AV Control Saturation: 36.5%
2026-04-11 18:22:11,371 [INFO] Iteration 181/200 | AV Control Saturation: 37.8%
2026-04-11 18:22:11,672 [INFO] Iteration 182/200 | AV Control Saturation: 38.0%
2026-04-11 18:22:11,964 [INFO] Iteration 183/200 | AV Control Saturation: 45.3%
2026-04-11 18:22:12,267 [INFO] Iteration 184/200 | AV Control Saturation: 34.4%
2026-04-11 18:22:12,566 [INFO] Iteration 185/200 | AV Control Saturation: 39.0%
2026-04-11 18:22:12,856 [INFO] Iteration 186/200 | AV Control Saturation: 45.3%
2026-04-11 18:22:13,146 [INFO] Iteration 187/200 | AV Control Saturation: 36.2%
2026-04-11 18:22:13,442 [INFO] Iteration 188/200 | AV Control Saturation: 34.6%
2026-04-11 18:22:13,739 [INFO] Iteration 189/200 | AV Control Saturation: 30.3%
2026-04-11 18:22:14,036 [INFO] Iteration 190/200 | AV Control Saturation: 35.9%
2026-04-11 18:22:14,334 [INFO] Iteration 191/200 | AV Control Saturation: 36.5%
2026-04-11 18:22:14,625 [INFO] Iteration 192/200 | AV Control Saturation: 39.5%
2026-04-11 18:22:14,930 [INFO] Iteration 193/200 | AV Control Saturation: 38.1%
2026-04-11 18:22:15,229 [INFO] Iteration 194/200 | AV Control Saturation: 37.4%
2026-04-11 18:22:15,519 [INFO] Iteration 195/200 | AV Control Saturation: 39.1%
2026-04-11 18:22:15,814 [INFO] Iteration 196/200 | AV Control Saturation: 31.6%
2026-04-11 18:22:16,104 [INFO] Iteration 197/200 | AV Control Saturation: 30.9%
2026-04-11 18:22:16,394 [INFO] Iteration 198/200 | AV Control Saturation: 38.5%
2026-04-11 18:22:16,687 [INFO] Iteration 199/200 | AV Control Saturation: 38.1%
2026-04-11 18:22:16,977 [INFO] Iteration 200/200 | AV Control Saturation: 35.0%
2026-04-11 18:22:16,990 [INFO] Compiling Dashboard
2026-04-11 18:22:17,120 [INFO] Generating ISO 21448 SOTIF Compliance Dossier
2026-04-11 18:22:17,126 [INFO] SOTIF Dossier saved to: results/run_001/sotif_compliance_dossier.json
2026-04-11 18:22:17,207 [INFO]  Full Pipeline Complete. Data saved to: ./results/run_001
